\BOOKMARK [0][-]{chapter*.2}{\376\377\173\054\000\040\0000\000\040\172\340\377\032\137\000\131\313\122\115\166\204\121\306\131\007\040\024\040\024\136\372\172\313\137\303\146\172\152\041\127\213}{}% 1
\BOOKMARK [1][-]{section.0.1}{\376\377\0000\000.\0001\000\040\116\011\116\052\150\070\137\303\174\173\153\324}{chapter*.2}% 2
\BOOKMARK [2][-]{subsection.0.1.1}{\376\377\0000\000.\0001\000.\0001\000\040\000G\000i\000t\000\040\146\057\060\014\145\366\121\111\147\072\060\015}{section.0.1}% 3
\BOOKMARK [2][-]{subsection.0.1.2}{\376\377\0000\000.\0001\000.\0002\000\040\000G\000i\000t\000H\000u\000b\000\040\146\057\060\014\116\221\172\357\116\323\136\223\060\015}{section.0.1}% 4
\BOOKMARK [2][-]{subsection.0.1.3}{\376\377\0000\000.\0001\000.\0003\000\040\000V\000S\000\040\000C\000o\000d\000e\000\040\146\057\060\014\232\176\232\166\202\061\060\015}{section.0.1}% 5
\BOOKMARK [1][-]{section.0.2}{\376\377\0000\000.\0002\000\040\000G\000i\000t\000\040\166\204\213\276\213\241\124\362\133\146\377\032\126\333\116\052\121\163\225\056\213\315}{chapter*.2}% 6
\BOOKMARK [2][-]{subsection.0.2.1}{\376\377\0000\000.\0002\000.\0001\000\040\121\163\225\056\213\315\116\000\377\032\153\317\116\052\133\130\150\143\220\375\147\011\162\354\116\000\145\340\116\214\166\204\177\026\123\367}{section.0.2}% 7
\BOOKMARK [2][-]{subsection.0.2.2}{\376\377\0000\000.\0002\000.\0002\000\040\121\163\225\056\213\315\116\214\377\032\117\335\133\130\133\214\145\164\137\353\161\147\377\014\116\015\146\057\123\352\213\260\135\356\137\002}{section.0.2}% 8
\BOOKMARK [2][-]{subsection.0.2.3}{\376\377\0000\000.\0002\000.\0003\000\040\121\163\225\056\213\315\116\011\377\032\123\206\123\362\146\057\116\000\137\040\177\121\377\014\116\015\146\057\116\000\147\141\166\364\176\277}{section.0.2}% 9
\BOOKMARK [2][-]{subsection.0.2.4}{\376\377\0000\000.\0002\000.\0004\000\040\121\163\225\056\213\315\126\333\377\032\122\006\145\057\124\214\150\007\173\176\123\352\146\057\134\017\176\270\147\141}{section.0.2}% 10
\BOOKMARK [1][-]{section.0.3}{\376\377\0000\000.\0003\000\040\147\054\145\131\172\013\166\204\133\146\116\140\215\357\137\204\126\376}{chapter*.2}% 11
\BOOKMARK [1][-]{section.0.4}{\376\377\0000\000.\0004\000\040\122\250\142\113\133\236\232\214\000\040\0000\377\032\232\214\213\301\163\257\130\203\134\061\176\352}{chapter*.2}% 12
\BOOKMARK [0][-]{chapter.1}{\376\377\173\054\116\000\172\340\000\040\000\040\162\110\147\054\143\247\122\066\116\016\000\040\000G\000i\000t\000\040\151\202\217\360}{}% 13
\BOOKMARK [1][-]{section.1.1}{\376\377\0001\000.\0001\000\040\116\300\116\110\146\057\162\110\147\054\143\247\122\066}{chapter.1}% 14
\BOOKMARK [1][-]{section.1.2}{\376\377\0001\000.\0002\000\040\000G\000i\000t\000\040\173\200\116\313}{chapter.1}% 15
\BOOKMARK [2][-]{subsection.1.2.1}{\376\377\0001\000.\0002\000.\0001\000\040\000G\000i\000t\000\040\166\204\150\070\137\303\162\171\140\047}{section.1.2}% 16
\BOOKMARK [1][-]{section.1.3}{\376\377\0001\000.\0003\000\040\000G\000i\000t\000\040\166\204\121\205\220\350\145\160\143\156\152\041\127\213}{chapter.1}% 17
\BOOKMARK [2][-]{subsection.1.3.1}{\376\377\0001\000.\0003\000.\0001\000\040\000G\000i\000t\000\040\166\204\126\333\116\052\150\070\137\303\133\371\214\141}{section.1.3}% 18
\BOOKMARK [2][-]{subsection.1.3.2}{\376\377\0001\000.\0003\000.\0002\000\040\000H\000E\000A\000D\000\040\116\016\137\025\165\050}{section.1.3}% 19
\BOOKMARK [2][-]{subsection.1.3.3}{\376\377\0001\000.\0003\000.\0003\000\040\116\000\153\041\143\320\116\244\166\204\133\214\145\164\176\323\147\204}{section.1.3}% 20
\BOOKMARK [1][-]{section.1.4}{\376\377\0001\000.\0004\000\040\000G\000i\000t\000H\000u\000b\000\040\173\200\116\313}{chapter.1}% 21
\BOOKMARK [1][-]{section.1.5}{\376\377\0001\000.\0005\000\040\000G\000i\000t\000\040\166\204\116\011\131\047\135\345\117\134\123\072\127\337}{chapter.1}% 22
\BOOKMARK [1][-]{section.1.6}{\376\377\0001\000.\0006\000\040\000V\000S\000\040\000C\000o\000d\000e\000\040\131\202\117\125\116\016\000\040\000G\000i\000t\000\040\123\117\117\134}{chapter.1}% 23
\BOOKMARK [0][-]{chapter.2}{\376\377\173\054\116\214\172\340\000\040\000\040\000G\000i\000t\000\040\133\211\210\305\116\016\221\115\177\156}{}% 24
\BOOKMARK [1][-]{section.2.1}{\376\377\0002\000.\0001\000\040\133\211\210\305\000\040\000G\000i\000t}{chapter.2}% 25
\BOOKMARK [2][-]{subsection.2.1.1}{\376\377\0002\000.\0001\000.\0001\000\040\000W\000i\000n\000d\000o\000w\000s\000\040\174\373\176\337}{section.2.1}% 26
\BOOKMARK [2][-]{subsection.2.1.2}{\376\377\0002\000.\0001\000.\0002\000\040\000m\000a\000c\000O\000S\000\040\174\373\176\337}{section.2.1}% 27
\BOOKMARK [2][-]{subsection.2.1.3}{\376\377\0002\000.\0001\000.\0003\000\040\000L\000i\000n\000u\000x\000\040\174\373\176\337}{section.2.1}% 28
\BOOKMARK [1][-]{section.2.2}{\376\377\0002\000.\0002\000\040\127\372\147\054\221\115\177\156}{chapter.2}% 29
\BOOKMARK [2][-]{subsection.2.2.1}{\376\377\0002\000.\0002\000.\0001\000\040\165\050\142\067\216\253\116\375\377\010\137\305\230\173\221\115\177\156\377\011}{section.2.2}% 30
\BOOKMARK [2][-]{subsection.2.2.2}{\376\377\0002\000.\0002\000.\0002\000\040\121\166\116\326\143\250\203\120\221\115\177\156}{section.2.2}% 31
\BOOKMARK [2][-]{subsection.2.2.3}{\376\377\0002\000.\0002\000.\0003\000\040\221\115\177\156\134\102\176\247}{section.2.2}% 32
\BOOKMARK [1][-]{section.2.3}{\376\377\0002\000.\0003\000\040\133\211\210\305\000\040\000V\000S\000\040\000C\000o\000d\000e}{chapter.2}% 33
\BOOKMARK [1][-]{section.2.4}{\376\377\0002\000.\0004\000\040\221\115\177\156\000\040\000G\000i\000t\000H\000u\000b\000\040\213\244\213\301}{chapter.2}% 34
\BOOKMARK [2][-]{subsection.2.4.1}{\376\377\0002\000.\0004\000.\0001\000\040\145\271\137\017\116\000\377\032\000G\000i\000t\000H\000u\000b\000\040\000C\000L\000I\377\010\143\250\203\120\377\011}{section.2.4}% 35
\BOOKMARK [2][-]{subsection.2.4.2}{\376\377\0002\000.\0004\000.\0002\000\040\145\271\137\017\116\214\377\032\000P\000e\000r\000s\000o\000n\000a\000l\000\040\000A\000c\000c\000e\000s\000s\000\040\000T\000o\000k\000e\000n}{section.2.4}% 36
\BOOKMARK [2][-]{subsection.2.4.3}{\376\377\0002\000.\0004\000.\0003\000\040\145\271\137\017\116\011\377\032\000S\000S\000H\000\040\133\306\224\245\377\010\147\000\143\250\203\120\377\011}{section.2.4}% 37
\BOOKMARK [0][-]{chapter.3}{\376\377\173\054\116\011\172\340\000\040\000\040\000G\000i\000t\000\040\127\372\170\100\144\315\117\134}{}% 38
\BOOKMARK [1][-]{section.3.1}{\376\377\0003\000.\0001\000\040\122\035\131\313\123\026\116\323\136\223}{chapter.3}% 39
\BOOKMARK [2][-]{subsection.3.1.1}{\376\377\0003\000.\0001\000.\0001\000\040\145\271\137\017\116\000\377\032\127\050\135\362\147\011\230\171\166\356\116\055\122\035\131\313\123\026}{section.3.1}% 40
\BOOKMARK [2][-]{subsection.3.1.2}{\376\377\0003\000.\0001\000.\0002\000\040\145\271\137\017\116\214\377\032\121\113\226\206\217\334\172\013\116\323\136\223}{section.3.1}% 41
\BOOKMARK [1][-]{section.3.2}{\376\377\0003\000.\0002\000\040\145\207\116\366\162\266\140\001\116\016\215\337\216\052}{chapter.3}% 42
\BOOKMARK [1][-]{section.3.3}{\376\377\0003\000.\0003\000\040\145\345\136\070\135\345\117\134\155\101\377\032\000s\000t\000a\000t\000u\000s\000\040\041\222\000\040\000a\000d\000d\000\040\041\222\000\040\000c\000o\000m\000m\000i\000t}{chapter.3}% 43
\BOOKMARK [2][-]{subsection.3.3.1}{\376\377\0003\000.\0003\000.\0001\000\040\173\054\116\000\153\145\377\032\147\345\167\013\162\266\140\001\377\010\000g\000i\000t\000\040\000s\000t\000a\000t\000u\000s\377\011}{section.3.3}% 44
\BOOKMARK [2][-]{subsection.3.3.2}{\376\377\0003\000.\0003\000.\0002\000\040\173\054\116\214\153\145\377\032\146\202\133\130\145\207\116\366\377\010\000g\000i\000t\000\040\000a\000d\000d\377\011}{section.3.3}% 45
\BOOKMARK [2][-]{subsection.3.3.3}{\376\377\0003\000.\0003\000.\0003\000\040\173\054\116\011\153\145\377\032\143\320\116\244\123\330\146\364\377\010\000g\000i\000t\000\040\000c\000o\000m\000m\000i\000t\377\011}{section.3.3}% 46
\BOOKMARK [2][-]{subsection.3.3.4}{\376\377\0003\000.\0003\000.\0004\000\040\177\026\121\231\131\175\166\204\143\320\116\244\117\341\140\157}{section.3.3}% 47
\BOOKMARK [1][-]{section.3.4}{\376\377\0003\000.\0004\000\040\147\345\167\013\117\356\145\071\121\205\133\271\377\032\000D\000i\000f\000f\000\040\211\306\126\376}{chapter.3}% 48
\BOOKMARK [2][-]{subsection.3.4.1}{\376\377\0003\000.\0004\000.\0001\000\040\142\123\137\000\000\040\000D\000i\000f\000f\000\040\211\306\126\376}{section.3.4}% 49
\BOOKMARK [2][-]{subsection.3.4.2}{\376\377\0003\000.\0004\000.\0002\000\040\136\166\143\222\211\306\126\376\000\040\000v\000s\000\040\121\205\200\124\211\306\126\376}{section.3.4}% 50
\BOOKMARK [2][-]{subsection.3.4.3}{\376\377\0003\000.\0004\000.\0003\000\040\177\026\217\221\126\150\116\055\166\204\133\236\145\366\123\330\146\364\143\007\171\072}{section.3.4}% 51
\BOOKMARK [2][-]{subsection.3.4.4}{\376\377\0003\000.\0004\000.\0004\000\040\124\175\116\344\210\114\000\040\000d\000i\000f\000f\000\040\213\346\211\343}{section.3.4}% 52
\BOOKMARK [1][-]{section.3.5}{\376\377\0003\000.\0005\000\040\147\345\167\013\123\206\123\362\377\032\000g\000i\000t\000\040\000l\000o\000g}{chapter.3}% 53
\BOOKMARK [1][-]{section.3.6}{\376\377\0003\000.\0006\000\040\144\244\225\000\144\315\117\134}{chapter.3}% 54
\BOOKMARK [2][-]{subsection.3.6.1}{\376\377\0003\000.\0006\000.\0001\000\040\144\244\225\000\135\345\117\134\123\072\166\204\117\356\145\071\377\010\147\052\000\040\000a\000d\000d\377\011}{section.3.6}% 55
\BOOKMARK [2][-]{subsection.3.6.2}{\376\377\0003\000.\0006\000.\0002\000\040\123\326\155\210\146\202\133\130\377\010\135\362\000\040\000a\000d\000d\377\014\147\052\000\040\000c\000o\000m\000m\000i\000t\377\011}{section.3.6}% 56
\BOOKMARK [2][-]{subsection.3.6.3}{\376\377\0003\000.\0006\000.\0003\000\040\117\356\145\071\116\012\116\000\153\041\143\320\116\244}{section.3.6}% 57
\BOOKMARK [2][-]{subsection.3.6.4}{\376\377\0003\000.\0006\000.\0004\000\040\126\336\220\000\122\060\116\113\122\115\166\204\162\110\147\054}{section.3.6}% 58
\BOOKMARK [1][-]{section.3.7}{\376\377\0003\000.\0007\000\040\000.\000g\000i\000t\000i\000g\000n\000o\000r\000e\000\040\145\207\116\366}{chapter.3}% 59
\BOOKMARK [0][-]{chapter.4}{\376\377\173\054\126\333\172\340\000\040\000\040\122\006\145\057\116\016\124\010\136\166}{}% 60
\BOOKMARK [1][-]{section.4.1}{\376\377\0004\000.\0001\000\040\122\006\145\057\166\204\151\202\137\365}{chapter.4}% 61
\BOOKMARK [1][-]{section.4.2}{\376\377\0004\000.\0002\000\040\122\006\145\057\144\315\117\134}{chapter.4}% 62
\BOOKMARK [2][-]{subsection.4.2.1}{\376\377\0004\000.\0002\000.\0001\000\040\122\033\136\372\060\001\122\007\143\142\060\001\122\040\226\144\122\006\145\057}{section.4.2}% 63
\BOOKMARK [2][-]{subsection.4.2.2}{\376\377\0004\000.\0002\000.\0002\000\040\122\006\145\057\124\175\124\015\211\304\203\003}{section.4.2}% 64
\BOOKMARK [1][-]{section.4.3}{\376\377\0004\000.\0003\000\040\124\010\136\166\122\006\145\057}{chapter.4}% 65
\BOOKMARK [2][-]{subsection.4.3.1}{\376\377\0004\000.\0003\000.\0001\000\040\124\010\136\166\166\204\116\044\171\315\174\173\127\213}{section.4.3}% 66
\BOOKMARK [1][-]{section.4.4}{\376\377\0004\000.\0004\000\040\211\343\121\263\124\010\136\166\121\262\172\201}{chapter.4}% 67
\BOOKMARK [2][-]{subsection.4.4.1}{\376\377\0004\000.\0004\000.\0001\000\040\121\262\172\201\150\007\213\260}{section.4.4}% 68
\BOOKMARK [2][-]{subsection.4.4.2}{\376\377\0004\000.\0004\000.\0002\000\040\000V\000S\000\040\000C\000o\000d\000e\000\040\166\204\121\262\172\201\211\343\121\263\117\123\232\214}{section.4.4}% 69
\BOOKMARK [2][-]{subsection.4.4.3}{\376\377\0004\000.\0004\000.\0003\000\040\211\343\121\263\121\262\172\201\166\204\133\214\145\164\153\145\232\244}{section.4.4}% 70
\BOOKMARK [2][-]{subsection.4.4.4}{\376\377\0004\000.\0004\000.\0004\000\040\217\334\172\013\123\117\117\134\116\055\166\204\121\262\172\201\377\010\000P\000R\000\040\121\262\172\201\377\011}{section.4.4}% 71
\BOOKMARK [1][-]{section.4.5}{\376\377\0004\000.\0005\000\040\000R\000e\000b\000a\000s\000e\377\032\145\164\164\006\123\206\123\362}{chapter.4}% 72
\BOOKMARK [2][-]{subsection.4.5.1}{\376\377\0004\000.\0005\000.\0001\000\040\000R\000e\000b\000a\000s\000e\000\040\116\016\000\040\000M\000e\000r\000g\000e\000\040\166\204\123\072\122\053}{section.4.5}% 73
\BOOKMARK [2][-]{subsection.4.5.2}{\376\377\0004\000.\0005\000.\0002\000\040\000R\000e\000b\000a\000s\000e\000\040\166\204\117\177\165\050\127\072\146\157}{section.4.5}% 74
\BOOKMARK [1][-]{section.4.6}{\376\377\0004\000.\0006\000\040\000C\000h\000e\000r\000r\000y\000-\000p\000i\000c\000k\377\032\143\021\220\011\143\320\116\244}{chapter.4}% 75
\BOOKMARK [1][-]{section.4.7}{\376\377\0004\000.\0007\000\040\122\006\145\057\173\126\165\145\173\200\116\313}{chapter.4}% 76
\BOOKMARK [2][-]{subsection.4.7.1}{\376\377\0004\000.\0007\000.\0001\000\040\000F\000e\000a\000t\000u\000r\000e\000\040\000B\000r\000a\000n\000c\000h\000\040\135\345\117\134\155\101\377\010\143\250\203\120\377\011}{section.4.7}% 77
\BOOKMARK [2][-]{subsection.4.7.2}{\376\377\0004\000.\0007\000.\0002\000\040\000G\000i\000t\000F\000l\000o\000w\000\040\135\345\117\134\155\101}{section.4.7}% 78
\BOOKMARK [0][-]{chapter.5}{\376\377\173\054\116\224\172\340\000\040\000\040\217\334\172\013\116\323\136\223\116\016\000\040\000G\000i\000t\000H\000u\000b}{}% 79
\BOOKMARK [1][-]{section.5.1}{\376\377\0005\000.\0001\000\040\217\334\172\013\116\323\136\223\166\204\151\202\137\365}{chapter.5}% 80
\BOOKMARK [1][-]{section.5.2}{\376\377\0005\000.\0002\000\040\143\250\220\001\116\016\142\311\123\326}{chapter.5}% 81
\BOOKMARK [2][-]{subsection.5.2.1}{\376\377\0005\000.\0002\000.\0001\000\040\000g\000i\000t\000\040\000p\000u\000s\000h\377\032\116\012\117\040\147\054\127\060\143\320\116\244\122\060\217\334\172\013}{section.5.2}% 82
\BOOKMARK [2][-]{subsection.5.2.2}{\376\377\0005\000.\0002\000.\0002\000\040\000g\000i\000t\000\040\000f\000e\000t\000c\000h\377\032\116\013\217\175\217\334\172\013\146\364\145\260\377\010\116\015\124\010\136\166\377\011}{section.5.2}% 83
\BOOKMARK [2][-]{subsection.5.2.3}{\376\377\0005\000.\0002\000.\0003\000\040\000g\000i\000t\000\040\000p\000u\000l\000l\377\032\116\013\217\175\136\166\124\010\136\166\217\334\172\013\146\364\145\260}{section.5.2}% 84
\BOOKMARK [1][-]{section.5.3}{\376\377\0005\000.\0003\000\040\127\050\000\040\000G\000i\000t\000H\000u\000b\000\040\116\012\122\033\136\372\116\323\136\223}{chapter.5}% 85
\BOOKMARK [2][-]{subsection.5.3.1}{\376\377\0005\000.\0003\000.\0001\000\040\145\271\137\017\116\000\377\032\121\110\127\050\000\040\000G\000i\000t\000H\000u\000b\000\040\122\033\136\372\377\014\121\215\121\113\226\206\122\060\147\054\127\060}{section.5.3}% 86
\BOOKMARK [2][-]{subsection.5.3.2}{\376\377\0005\000.\0003\000.\0002\000\040\145\271\137\017\116\214\377\032\121\110\127\050\147\054\127\060\122\033\136\372\377\014\121\215\143\250\220\001\122\060\000\040\000G\000i\000t\000H\000u\000b}{section.5.3}% 87
\BOOKMARK [2][-]{subsection.5.3.3}{\376\377\0005\000.\0003\000.\0003\000\040\145\271\137\017\116\011\377\032\000V\000S\000\040\000C\000o\000d\000e\000\040\116\000\225\056\123\321\136\003}{section.5.3}% 88
\BOOKMARK [1][-]{section.5.4}{\376\377\0005\000.\0004\000\040\000P\000u\000l\000l\000\040\000R\000e\000q\000u\000e\000s\000t\377\010\000P\000R\377\011}{chapter.5}% 89
\BOOKMARK [2][-]{subsection.5.4.1}{\376\377\0005\000.\0004\000.\0001\000\040\000P\000R\000\040\166\204\150\007\121\306\155\101\172\013}{section.5.4}% 90
\BOOKMARK [2][-]{subsection.5.4.2}{\376\377\0005\000.\0004\000.\0002\000\040\000P\000R\000\040\135\345\117\134\155\101\172\013\126\376}{section.5.4}% 91
\BOOKMARK [1][-]{section.5.5}{\376\377\0005\000.\0005\000\040\000F\000o\000r\000k\000\040\116\016\215\041\163\056\137\000\156\220\230\171\166\356}{chapter.5}% 92
\BOOKMARK [0][-]{chapter.6}{\376\377\173\054\121\155\172\340\000\040\000\040\000V\000S\000\040\000C\000o\000d\000e\000\040\116\055\166\204\000\040\000G\000i\000t\000\040\226\306\142\020}{}% 93
\BOOKMARK [1][-]{section.6.1}{\376\377\0006\000.\0001\000\040\156\220\116\343\170\001\173\241\164\006\211\306\126\376\377\010\000S\000o\000u\000r\000c\000e\000\040\000C\000o\000n\000t\000r\000o\000l\377\011}{chapter.6}% 94
\BOOKMARK [2][-]{subsection.6.1.1}{\376\377\0006\000.\0001\000.\0001\000\040\142\123\137\000\145\271\137\017}{section.6.1}% 95
\BOOKMARK [2][-]{subsection.6.1.2}{\376\377\0006\000.\0001\000.\0002\000\040\165\114\227\142\213\346\211\343}{section.6.1}% 96
\BOOKMARK [2][-]{subsection.6.1.3}{\376\377\0006\000.\0001\000.\0003\000\040\143\320\116\244\123\206\123\362\126\376\377\010\000S\000o\000u\000r\000c\000e\000\040\000C\000o\000n\000t\000r\000o\000l\000\040\000G\000r\000a\000p\000h\377\011}{section.6.1}% 97
\BOOKMARK [1][-]{section.6.2}{\376\377\0006\000.\0002\000\040\146\202\133\130\377\010\000S\000t\000a\000g\000e\377\011\116\016\143\320\116\244\377\010\000C\000o\000m\000m\000i\000t\377\011\213\346\211\343}{chapter.6}% 98
\BOOKMARK [2][-]{subsection.6.2.1}{\376\377\0006\000.\0002\000.\0001\000\040\146\202\133\130\145\207\116\366}{section.6.2}% 99
\BOOKMARK [2][-]{subsection.6.2.2}{\376\377\0006\000.\0002\000.\0002\000\040\220\350\122\006\146\202\133\130\377\010\000S\000t\000a\000g\000e\000\040\000S\000e\000l\000e\000c\000t\000e\000d\000\040\000R\000a\000n\000g\000e\000s\377\011}{section.6.2}% 100
\BOOKMARK [1][-]{section.6.3}{\376\377\0006\000.\0003\000\040\124\014\153\145\144\315\117\134\213\346\211\343}{chapter.6}% 101
\BOOKMARK [2][-]{subsection.6.3.1}{\376\377\0006\000.\0003\000.\0001\000\040\116\000\225\056\124\014\153\145}{section.6.3}% 102
\BOOKMARK [1][-]{section.6.4}{\376\377\0006\000.\0004\000\040\122\006\145\057\173\241\164\006\213\346\211\343}{chapter.6}% 103
\BOOKMARK [2][-]{subsection.6.4.1}{\376\377\0006\000.\0004\000.\0001\000\040\147\345\167\013\124\214\122\007\143\142\122\006\145\057}{section.6.4}% 104
\BOOKMARK [1][-]{section.6.5}{\376\377\0006\000.\0005\000\040\000T\000i\000m\000e\000l\000i\000n\000e\000\040\211\306\126\376\377\032\145\207\116\366\123\206\123\362}{chapter.6}% 105
\BOOKMARK [1][-]{section.6.6}{\376\377\0006\000.\0006\000\040\000S\000t\000a\000s\000h\377\010\146\202\133\130\135\345\117\134\377\011}{chapter.6}% 106
\BOOKMARK [1][-]{section.6.7}{\376\377\0006\000.\0007\000\040\000G\000i\000t\000\040\000B\000l\000a\000m\000e\000\040\116\016\210\114\121\205\154\350\221\312}{chapter.6}% 107
\BOOKMARK [1][-]{section.6.8}{\376\377\0006\000.\0008\000\040\143\250\203\120\142\151\134\125}{chapter.6}% 108
\BOOKMARK [2][-]{subsection.6.8.1}{\376\377\0006\000.\0008\000.\0001\000\040\000G\000i\000t\000L\000e\000n\000s\000\040\213\346\176\306\117\177\165\050\143\007\123\127}{section.6.8}% 109
\BOOKMARK [2][-]{subsection.6.8.2}{\376\377\0006\000.\0008\000.\0002\000\040\000G\000i\000t\000H\000u\000b\000\040\000P\000u\000l\000l\000\040\000R\000e\000q\000u\000e\000s\000t\000s\000\040\117\177\165\050\143\007\123\127}{section.6.8}% 110
\BOOKMARK [2][-]{subsection.6.8.3}{\376\377\0006\000.\0008\000.\0003\000\040\000G\000i\000t\000H\000u\000b\000\040\000I\000s\000s\000u\000e\000s\000\040\117\177\165\050\143\007\123\127}{section.6.8}% 111
\BOOKMARK [2][-]{subsection.6.8.4}{\376\377\0006\000.\0008\000.\0004\000\040\000G\000i\000t\000\040\000G\000r\000a\000p\000h\000\040\117\177\165\050\143\007\123\127}{section.6.8}% 112
\BOOKMARK [2][-]{subsection.6.8.5}{\376\377\0006\000.\0008\000.\0005\000\040\000G\000i\000t\000\040\000H\000i\000s\000t\000o\000r\000y\000\040\117\177\165\050\143\007\123\127}{section.6.8}% 113
\BOOKMARK [0][-]{chapter.7}{\376\377\173\054\116\003\172\340\000\040\000\040\133\236\142\030\135\345\117\134\155\101}{}% 114
\BOOKMARK [1][-]{section.7.1}{\376\377\0007\000.\0001\000\040\133\214\145\164\166\204\000\040\000F\000e\000a\000t\000u\000r\000e\000\040\000B\000r\000a\000n\000c\000h\000\040\137\000\123\321\155\101\172\013}{chapter.7}% 115
\BOOKMARK [1][-]{section.7.2}{\376\377\0007\000.\0002\000\040\000V\000S\000\040\000C\000o\000d\000e\000\040\116\055\166\204\133\214\145\164\144\315\117\134\155\101\172\013}{chapter.7}% 116
\BOOKMARK [1][-]{section.7.3}{\376\377\0007\000.\0003\000\040\145\345\136\070\137\000\123\321\166\204\147\000\117\163\133\236\215\365}{chapter.7}% 117
\BOOKMARK [1][-]{section.7.4}{\376\377\0007\000.\0004\000\040\136\070\211\301\225\356\230\230\000\040\000F\000A\000Q}{chapter.7}% 118
\BOOKMARK [0][-]{chapter.8}{\376\377\173\054\121\153\172\340\000\040\000\040\145\260\142\113\220\177\127\121\143\007\123\127}{}% 119
\BOOKMARK [1][-]{section.8.1}{\376\377\0008\000.\0001\000\040\150\070\137\303\220\177\127\121\210\150}{chapter.8}% 120
\BOOKMARK [1][-]{section.8.2}{\376\377\0008\000.\0002\000\040\175\047\140\045\145\121\124\175\124\175\116\344\220\037\147\345}{chapter.8}% 121
\BOOKMARK [1][-]{section.8.3}{\376\377\0008\000.\0003\000\040\136\070\211\301\142\245\225\031\116\016\116\000\225\056\117\356\131\015}{chapter.8}% 122
\BOOKMARK [0][-]{chapter*.49}{\376\377\123\357\211\306\123\026\220\037\147\345\123\141}{}% 123
\BOOKMARK [1][-]{section.8.4}{\376\377\0008\000.\0004\000\040\220\037\147\345\123\141\000\040\0001\377\032\000G\000i\000t\000\040\126\333\131\047\123\072\127\337\145\160\143\156\155\101\217\154}{chapter*.49}% 124
\BOOKMARK [1][-]{section.8.5}{\376\377\0008\000.\0005\000\040\220\037\147\345\123\141\000\040\0002\377\032\122\006\145\057\157\024\123\330\040\024\040\024\124\010\136\166\000\040\000v\000s\000\040\123\330\127\372}{chapter*.49}% 125
\BOOKMARK [1][-]{section.8.6}{\376\377\0008\000.\0006\000\040\220\037\147\345\123\141\000\040\0003\377\032\217\334\172\013\123\117\117\134\133\214\145\164\224\376\215\357}{chapter*.49}% 126
\BOOKMARK [0][-]{chapter.9}{\376\377\173\054\116\135\172\340\000\040\000\040\226\104\137\125\377\032\136\070\165\050\124\175\116\344\220\037\147\345\210\150}{}% 127
\BOOKMARK [1][-]{section.9.1}{\376\377\0009\000.\0001\000\040\127\372\170\100\144\315\117\134}{chapter.9}% 128
\BOOKMARK [1][-]{section.9.2}{\376\377\0009\000.\0002\000\040\122\006\145\057\144\315\117\134}{chapter.9}% 129
\BOOKMARK [1][-]{section.9.3}{\376\377\0009\000.\0003\000\040\217\334\172\013\144\315\117\134}{chapter.9}% 130
\BOOKMARK [1][-]{section.9.4}{\376\377\0009\000.\0004\000\040\144\244\225\000\144\315\117\134}{chapter.9}% 131
\BOOKMARK [1][-]{section.9.5}{\376\377\0009\000.\0005\000\040\000V\000S\000\040\000C\000o\000d\000e\000\040\137\353\143\167\225\056\220\037\147\345}{chapter.9}% 132
